<html>
<body>
<pre>
<h1>µVision Build Log</h1>
<h2>Tool Versions:</h2>
IDE-Version: ¦ÌVision V5.34.0.0
Copyright (C) 2021 ARM Ltd and ARM Germany GmbH. All rights reserved.
License Information: jin peng, pengjin, LIC=LSNXV-PP740-WFRI7-EPIM6-Y4SUR-HJSXW
 
Tool Versions:
Toolchain:       MDK-ARM Plus  Version: 5.34.0.0
Toolchain Path:  D:\BaiduNetdiskDownload\keil5\ARM\ARMCC\Bin
C Compiler:      Armcc.exe V5.06 update 7 (build 960)
Assembler:       Armasm.exe V5.06 update 7 (build 960)
Linker/Locator:  ArmLink.exe V5.06 update 7 (build 960)
Library Manager: ArmAr.exe V5.06 update 7 (build 960)
Hex Converter:   FromElf.exe V5.06 update 7 (build 960)
CPU DLL:         SARMCM3.DLL V5.34.0.0
Dialog DLL:      DARMCM1.DLL V1.19.4.0
Target DLL:      Segger\JL2CM3.dll V2.99.38.0
Dialog DLL:      TARMCM1.DLL V1.14.3.0
 
<h2>Project:</h2>
C:\Users\JH\Desktop\HK32F030MF4P62(3)\HK32F030MF4P62\HK32F030MF4P62\HK32F030MF4P6\´Ó»ú\Project\Project.uvprojx
Project File Date:  08/13/2021

<h2>Output:</h2>
*** Using Compiler 'V5.06 update 7 (build 960)', folder: 'D:\BaiduNetdiskDownload\keil5\ARM\ARMCC\Bin'
Build target 'HK32F030MF4P6'
compiling iic.c...
..\Source\Driver\iic.c(62): warning:  #177-D: variable "h"  was declared but never referenced
  static uint8_t h = 0;
..\Source\Driver\iic.c: 1 warning, 0 errors
linking...
Program Size: Code=3278 RO-data=266 RW-data=16 ZI-data=1248  
FromELF: creating hex file...
".\Objects\Project.axf" - 0 Error(s), 1 Warning(s).

<h2>Software Packages used:</h2>

Package Vendor: HKMicroChip
                http://www.hsxp-hk.com/companyfile/2/HKMicroChip.HK32F030Mxx_DFP.1.0.6.pack
                HKMicroChip.HK32F030Mxx_DFP.1.0.6
                HKMicroChip HK32F030M ARM Cortex-M0 Device Family Pack Device Support

<h2>Collection of Component include folders:</h2>

<h2>Collection of Component Files used:</h2>
Build Time Elapsed:  00:00:01
</pre>
</body>
</html>
