<html>
<body>
<pre>
<h1>µVision Build Log</h1>
<h2>Tool Versions:</h2>
IDE-Version: ¦ÌVision V5.34.0.0
Copyright (C) 2021 ARM Ltd and ARM Germany GmbH. All rights reserved.
License Information: pengjin 8615656913125, yangjiamei, LIC=MPPLD-86CWB-453T5-GDH4N-K7DG3-U1RMH
 
Tool Versions:
Toolchain:       MDK-ARM Plus  Version: 5.34.0.0
Toolchain Path:  E:\Keil_v5\ARM\ARMCC\Bin
C Compiler:      Armcc.exe V5.06 update 7 (build 960)
Assembler:       Armasm.exe V5.06 update 7 (build 960)
Linker/Locator:  ArmLink.exe V5.06 update 7 (build 960)
Library Manager: ArmAr.exe V5.06 update 7 (build 960)
Hex Converter:   FromElf.exe V5.06 update 7 (build 960)
CPU DLL:         SARMCM3.DLL V5.34.0.0
Dialog DLL:      DCM.DLL V1.17.3.0
Target DLL:      UL2CM3.DLL V1.163.9.0
Dialog DLL:      TCM.DLL V1.48.0.0
 
<h2>Project:</h2>
C:\Users\86156\Desktop\HK32F030MF4P62(3)\HK32F030MF4P62\HK32F030MF4P62\HK32F030MF4P6\Ö÷»ú\USER\IIC.uvprojx
Project File Date:  08/14/2021

<h2>Output:</h2>
*** Using Compiler 'V5.06 update 7 (build 960)', folder: 'E:\Keil_v5\ARM\ARMCC\Bin'
Build target 'Target 1'
assembling startup_stm32f10x_hd.s...
compiling core_cm3.c...
compiling timer.c...
compiling stm32f10x_bkp.c...
compiling stm32f10x_crc.c...
compiling stm32f10x_gpio.c...
compiling stm32f10x_iwdg.c...
compiling iic.c...
compiling misc.c...
compiling stm32f10x_adc.c...
compiling stm32f10x_i2c.c...
compiling stm32f10x_pwr.c...
compiling stm32f10x_rcc.c...
compiling stm32f10x_it.c...
compiling delay.c...
compiling sys.c...
compiling stm32f10x_usart.c...
compiling system_stm32f10x.c...
compiling usart.c...
compiling main.c...
main.c(14): warning:  #177-D: variable "p"  was declared but never referenced
      u8 p = 0;
main.c: 1 warning, 0 errors
compiling stm32f10x_tim.c...
linking...
Program Size: Code=4168 RO-data=336 RW-data=60 ZI-data=2188  
FromELF: creating hex file...
"..\OBJ\IIC.axf" - 0 Error(s), 1 Warning(s).

<h2>Software Packages used:</h2>

Package Vendor: Keil
                http://www.keil.com/pack/Keil.STM32F1xx_DFP.1.0.5.pack
                Keil.STM32F1xx_DFP.1.0.5
                STMicroelectronics STM32F1 Series Device Support, Drivers and Examples

<h2>Collection of Component include folders:</h2>
  E:\Keil_v5\Keil\STM32F1xx_DFP\1.0.5\Device\Include

<h2>Collection of Component Files used:</h2>
Build Time Elapsed:  00:00:01
</pre>
</body>
</html>
